------------------------------------------------------------
Creo Simulate Structure Version P-80-44:spg
Summary for Design Study "bar3"
Mon Nov  7, 2022   15:26:36
------------------------------------------------------------

Run Settings
   Memory allocation for block solver: 512.0     

Parallel Processing Status
   Parallel task limit for current run:           12
   Parallel task limit for current platform:      64
   Number of processors detected automatically:   12

Checking the model before creating elements...
These checks take into account the fact that AutoGEM will
automatically create elements in volumes with material
properties, on surfaces with shell properties, and on curves
with beam section properties.
   Generate elements automatically.
Checking the model after creating elements...
No errors were found in the model.
Creo Simulate Structure Model Summary

   Principal System of Units: millimeter Newton Second (mmNs)

   Length:          mm
   Force:           N
   Time:            sec
   Temperature:     C

   Model Type: Three Dimensional

   Points:                 17
   Edges:                  56
   Faces:                  66

   Springs:                 0
   Masses:                  0
   Beams:                   0
   Shells:                  0
   Solids:                 26

   Elements:               26

------------------------------------------------------------

Standard Design Study

Static Analysis "bar3":

   Convergence Method: Single-Pass Adaptive
   Plotting Grid:      4

   Convergence Loop Log:                         (15:26:36)

   >> Pass  1 <<
         Calculating Element Equations           (15:26:36)
            Total Number of Equations:     492
            Maximum Edge Order:              3
         Solving Equations                       (15:26:36)
         Post-Processing Solution                (15:26:36)
         Checking Convergence                    (15:26:36)
         Resource Check                          (15:26:36)
            Elapsed Time     (sec):       0.10
            CPU Time         (sec):       0.08
            Memory Usage      (kb):     588428
            Wrk Dir Dsk Usage (kb):          0

   >> Pass  2 <<
         Calculating Element Equations           (15:26:36)
            Total Number of Equations:    2244
            Maximum Edge Order:              6
         Solving Equations                       (15:26:36)
         Post-Processing Solution                (15:26:36)
         Checking Convergence                    (15:26:36)
         Calculating Disp and Stress Results     (15:26:36)

         RMS Stress Error Estimates:

         Load Set          Stress Error  % of Max Prin Str
         ----------------  ------------  -----------------
         LoadSet1           1.59e+00       2.2% of  7.29e+01

         Resource Check                          (15:26:36)
            Elapsed Time     (sec):       0.21
            CPU Time         (sec):       0.19
            Memory Usage      (kb):     610264
            Wrk Dir Dsk Usage (kb):       3072

   Total Mass of Model:  2.450442e-04

   Total Cost of Model:  0.000000e+00

   Mass Moments of Inertia about WCS Origin:

     Ixx:   2.10330e-01
     Ixy:   1.23398e-07  Iyy:   1.22522e-02
     Ixz:   1.06781e-08  Iyz:   2.37149e-07  Izz:   2.10330e-01

   Principal MMOI and Principal Axes Relative to WCS Origin:

            Max Prin           Mid Prin           Min Prin
            2.10330e-01         2.10330e-01         1.22522e-02

   WCS X:   8.08883e-01       -5.87970e-01       -6.22977e-07
   WCS Y:   1.20787e-06         6.02147e-07         1.00000e+00
   WCS Z:   5.87970e-01         8.08883e-01       -1.19725e-06

   Center of Mass Location Relative to WCS Origin:
                  (  1.85229e-06, -2.29891e-07,   2.34590e-06)

   Mass Moments of Inertia about the Center of Mass:

     Ixx:   2.10330e-01
     Ixy:   1.23398e-07  Iyy:   1.22522e-02
     Ixz:   1.06781e-08  Iyz:   2.37149e-07  Izz:   2.10330e-01

   Principal MMOI and Principal Axes Relative to COM:

            Max Prin           Mid Prin           Min Prin
            2.10330e-01         2.10330e-01         1.22522e-02

   WCS X:   8.08883e-01       -5.87970e-01       -6.22977e-07
   WCS Y:   1.20787e-06         6.02147e-07         1.00000e+00
   WCS Z:   5.87970e-01         8.08883e-01       -1.19725e-06

   Constraint Set: ConstraintSet1: BAR

   Load Set: LoadSet1: BAR

      Resultant Load on Model:
         in global X direction: -3.157494e-05
         in global Y direction: -2.224514e-11
         in global Z direction:  4.402083e-05

      Measures:

      max_beam_bending:    0.000000e+00
      max_beam_tensile:    0.000000e+00
      max_beam_torsion:    0.000000e+00
      max_beam_total:      0.000000e+00
      max_disp_mag:        7.857514e-02
      max_disp_x:          7.840141e-02
      max_disp_y:        -4.726473e-05
      max_disp_z:        -7.852778e-02
      max_prin_mag:      -7.292775e+01
      max_rot_mag:         0.000000e+00
      max_rot_x:           0.000000e+00
      max_rot_y:           0.000000e+00
      max_rot_z:           0.000000e+00
      max_stress_prin:     6.971594e+01
      max_stress_vm:       1.208107e+02
      max_stress_xx:     -2.686337e+00
      max_stress_xy:       6.404822e+01
      max_stress_xz:       9.929215e-01
      max_stress_yy:     -4.509838e+00
      max_stress_yz:       6.417416e+01
      max_stress_zz:       1.655694e+00
      min_stress_prin:   -7.292775e+01
      strain_energy:       3.927402e+02

Analysis "bar3" Completed  (15:26:36)

------------------------------------------------------------

Memory and Disk Usage:

   Machine Type: Windows 64 
   RAM Allocation for Solver (megabytes): 512.0

   Total Elapsed Time (seconds): 0.22      
   Total CPU Time     (seconds): 0.20      
   Maximum Memory Usage (kilobytes): 610264    
   Working Directory Disk Usage (kilobytes): 3072      

   Results Directory Size (kilobytes):
   991 .\bar3

------------------------------------------------------------
Run Completed
Mon Nov  7, 2022   15:26:36
------------------------------------------------------------
